This is pdfTeX, Version 3.141592653-2.6-1.40.26 (TeX Live 2024) (preloaded format=pdflatex 2024.11.11)  4 JUL 2026 15:24
entering extended mode
 restricted \write18 enabled.
 %&-line parsing enabled.
**main.tex
(./main.tex
LaTeX2e <2024-11-01>
L3 programming layer <2024-11-02>
(/usr/local/texlive/2024/texmf-dist/tex/latex/base/article.cls
Document Class: article 2024/06/29 v1.4n Standard LaTeX document class
(/usr/local/texlive/2024/texmf-dist/tex/latex/base/size11.clo
File: size11.clo 2024/06/29 v1.4n Standard LaTeX file (size option)
)
\c@part=\count196
\c@section=\count197
\c@subsection=\count198
\c@subsubsection=\count199
\c@paragraph=\count266
\c@subparagraph=\count267
\c@figure=\count268
\c@table=\count269
\abovecaptionskip=\skip49
\belowcaptionskip=\skip50
\bibindent=\dimen141
)
(/usr/local/texlive/2024/texmf-dist/tex/latex/base/inputenc.sty
Package: inputenc 2024/02/08 v1.3d Input encoding file
\inpenc@prehook=\toks17
\inpenc@posthook=\toks18
)
(/usr/local/texlive/2024/texmf-dist/tex/latex/base/fontenc.sty
Package: fontenc 2021/04/29 v2.0v Standard LaTeX package
)
(/usr/local/texlive/2024/texmf-dist/tex/latex/amsmath/amsmath.sty
Package: amsmath 2024/11/05 v2.17t AMS math features
\@mathmargin=\skip51

For additional information on amsmath, use the `?' option.
(/usr/local/texlive/2024/texmf-dist/tex/latex/amsmath/amstext.sty
Package: amstext 2021/08/26 v2.01 AMS text

(/usr/local/texlive/2024/texmf-dist/tex/latex/amsmath/amsgen.sty
File: amsgen.sty 1999/11/30 v2.0 generic functions
\@emptytoks=\toks19
\ex@=\dimen142
))
(/usr/local/texlive/2024/texmf-dist/tex/latex/amsmath/amsbsy.sty
Package: amsbsy 1999/11/29 v1.2d Bold Symbols
\pmbraise@=\dimen143
)
(/usr/local/texlive/2024/texmf-dist/tex/latex/amsmath/amsopn.sty
Package: amsopn 2022/04/08 v2.04 operator names
)
\inf@bad=\count270
LaTeX Info: Redefining \frac on input line 233.
\uproot@=\count271
\leftroot@=\count272
LaTeX Info: Redefining \overline on input line 398.
LaTeX Info: Redefining \colon on input line 409.
\classnum@=\count273
\DOTSCASE@=\count274
LaTeX Info: Redefining \ldots on input line 495.
LaTeX Info: Redefining \dots on input line 498.
LaTeX Info: Redefining \cdots on input line 619.
\Mathstrutbox@=\box52
\strutbox@=\box53
LaTeX Info: Redefining \big on input line 721.
LaTeX Info: Redefining \Big on input line 722.
LaTeX Info: Redefining \bigg on input line 723.
LaTeX Info: Redefining \Bigg on input line 724.
\big@size=\dimen144
LaTeX Font Info:    Redeclaring font encoding OML on input line 742.
LaTeX Font Info:    Redeclaring font encoding OMS on input line 743.
\macc@depth=\count275
LaTeX Info: Redefining \bmod on input line 904.
LaTeX Info: Redefining \pmod on input line 909.
LaTeX Info: Redefining \smash on input line 939.
LaTeX Info: Redefining \relbar on input line 969.
LaTeX Info: Redefining \Relbar on input line 970.
\c@MaxMatrixCols=\count276
\dotsspace@=\muskip17
\c@parentequation=\count277
\dspbrk@lvl=\count278
\tag@help=\toks20
\row@=\count279
\column@=\count280
\maxfields@=\count281
\andhelp@=\toks21
\eqnshift@=\dimen145
\alignsep@=\dimen146
\tagshift@=\dimen147
\tagwidth@=\dimen148
\totwidth@=\dimen149
\lineht@=\dimen150
\@envbody=\toks22
\multlinegap=\skip52
\multlinetaggap=\skip53
\mathdisplay@stack=\toks23
LaTeX Info: Redefining \[ on input line 2953.
LaTeX Info: Redefining \] on input line 2954.
)
(/usr/local/texlive/2024/texmf-dist/tex/latex/amsfonts/amssymb.sty
Package: amssymb 2013/01/14 v3.01 AMS font symbols

(/usr/local/texlive/2024/texmf-dist/tex/latex/amsfonts/amsfonts.sty
Package: amsfonts 2013/01/14 v3.01 Basic AMSFonts support
\symAMSa=\mathgroup4
\symAMSb=\mathgroup5
LaTeX Font Info:    Redeclaring math symbol \hbar on input line 98.
LaTeX Font Info:    Overwriting math alphabet `\mathfrak' in version `bold'
(Font)                  U/euf/m/n --> U/euf/b/n on input line 106.
))
(/usr/local/texlive/2024/texmf-dist/tex/latex/amscls/amsthm.sty
Package: amsthm 2020/05/29 v2.20.6
\thm@style=\toks24
\thm@bodyfont=\toks25
\thm@headfont=\toks26
\thm@notefont=\toks27
\thm@headpunct=\toks28
\thm@preskip=\skip54
\thm@postskip=\skip55
\thm@headsep=\skip56
\dth@everypar=\toks29
)
(/usr/local/texlive/2024/texmf-dist/tex/latex/graphics/graphicx.sty
Package: graphicx 2021/09/16 v1.2d Enhanced LaTeX Graphics (DPC,SPQR)

(/usr/local/texlive/2024/texmf-dist/tex/latex/graphics/keyval.sty
Package: keyval 2022/05/29 v1.15 key=value parser (DPC)
\KV@toks@=\toks30
)
(/usr/local/texlive/2024/texmf-dist/tex/latex/graphics/graphics.sty
Package: graphics 2024/08/06 v1.4g Standard LaTeX Graphics (DPC,SPQR)

(/usr/local/texlive/2024/texmf-dist/tex/latex/graphics/trig.sty
Package: trig 2023/12/02 v1.11 sin cos tan (DPC)
)
(/usr/local/texlive/2024/texmf-dist/tex/latex/graphics-cfg/graphics.cfg
File: graphics.cfg 2016/06/04 v1.11 sample graphics configuration
)
Package graphics Info: Driver file: pdftex.def on input line 106.

(/usr/local/texlive/2024/texmf-dist/tex/latex/graphics-def/pdftex.def
File: pdftex.def 2024/04/13 v1.2c Graphics/color driver for pdftex
))
\Gin@req@height=\dimen151
\Gin@req@width=\dimen152
)
(/usr/local/texlive/2024/texmf-dist/tex/latex/booktabs/booktabs.sty
Package: booktabs 2020/01/12 v1.61803398 Publication quality tables
\heavyrulewidth=\dimen153
\lightrulewidth=\dimen154
\cmidrulewidth=\dimen155
\belowrulesep=\dimen156
\belowbottomsep=\dimen157
\aboverulesep=\dimen158
\abovetopsep=\dimen159
\cmidrulesep=\dimen160
\cmidrulekern=\dimen161
\defaultaddspace=\dimen162
\@cmidla=\count282
\@cmidlb=\count283
\@aboverulesep=\dimen163
\@belowrulesep=\dimen164
\@thisruleclass=\count284
\@lastruleclass=\count285
\@thisrulewidth=\dimen165
)
(/usr/local/texlive/2024/texmf-dist/tex/latex/hyperref/hyperref.sty
Package: hyperref 2024-11-05 v7.01l Hypertext links for LaTeX

(/usr/local/texlive/2024/texmf-dist/tex/generic/iftex/iftex.sty
Package: iftex 2022/02/03 v1.0f TeX engine tests
)
(/usr/local/texlive/2024/texmf-dist/tex/latex/kvsetkeys/kvsetkeys.sty
Package: kvsetkeys 2022-10-05 v1.19 Key value parser (HO)
)
(/usr/local/texlive/2024/texmf-dist/tex/generic/kvdefinekeys/kvdefinekeys.sty
Package: kvdefinekeys 2019-12-19 v1.6 Define keys (HO)
)
(/usr/local/texlive/2024/texmf-dist/tex/generic/pdfescape/pdfescape.sty
Package: pdfescape 2019/12/09 v1.15 Implements pdfTeX's escape features (HO)

(/usr/local/texlive/2024/texmf-dist/tex/generic/ltxcmds/ltxcmds.sty
Package: ltxcmds 2023-12-04 v1.26 LaTeX kernel commands for general use (HO)
)
(/usr/local/texlive/2024/texmf-dist/tex/generic/pdftexcmds/pdftexcmds.sty
Package: pdftexcmds 2020-06-27 v0.33 Utility functions of pdfTeX for LuaTeX (HO
)

(/usr/local/texlive/2024/texmf-dist/tex/generic/infwarerr/infwarerr.sty
Package: infwarerr 2019/12/03 v1.5 Providing info/warning/error messages (HO)
)
Package pdftexcmds Info: \pdf@primitive is available.
Package pdftexcmds Info: \pdf@ifprimitive is available.
Package pdftexcmds Info: \pdfdraftmode found.
))
(/usr/local/texlive/2024/texmf-dist/tex/latex/hycolor/hycolor.sty
Package: hycolor 2020-01-27 v1.10 Color options for hyperref/bookmark (HO)
)
(/usr/local/texlive/2024/texmf-dist/tex/latex/hyperref/nameref.sty
Package: nameref 2023-11-26 v2.56 Cross-referencing by name of section

(/usr/local/texlive/2024/texmf-dist/tex/latex/refcount/refcount.sty
Package: refcount 2019/12/15 v3.6 Data extraction from label references (HO)
)
(/usr/local/texlive/2024/texmf-dist/tex/generic/gettitlestring/gettitlestring.s
ty
Package: gettitlestring 2019/12/15 v1.6 Cleanup title references (HO)
 (/usr/local/texlive/2024/texmf-dist/tex/latex/kvoptions/kvoptions.sty
Package: kvoptions 2022-06-15 v3.15 Key value format for package options (HO)
))
\c@section@level=\count286
)
(/usr/local/texlive/2024/texmf-dist/tex/latex/etoolbox/etoolbox.sty
Package: etoolbox 2020/10/05 v2.5k e-TeX tools for LaTeX (JAW)
\etb@tempcnta=\count287
)
(/usr/local/texlive/2024/texmf-dist/tex/generic/stringenc/stringenc.sty
Package: stringenc 2019/11/29 v1.12 Convert strings between diff. encodings (HO
)
)
\@linkdim=\dimen166
\Hy@linkcounter=\count288
\Hy@pagecounter=\count289

(/usr/local/texlive/2024/texmf-dist/tex/latex/hyperref/pd1enc.def
File: pd1enc.def 2024-11-05 v7.01l Hyperref: PDFDocEncoding definition (HO)
Now handling font encoding PD1 ...
... no UTF-8 mapping file for font encoding PD1
)
(/usr/local/texlive/2024/texmf-dist/tex/generic/intcalc/intcalc.sty
Package: intcalc 2019/12/15 v1.3 Expandable calculations with integers (HO)
)
\Hy@SavedSpaceFactor=\count290

(/usr/local/texlive/2024/texmf-dist/tex/latex/hyperref/puenc.def
File: puenc.def 2024-11-05 v7.01l Hyperref: PDF Unicode definition (HO)
Now handling font encoding PU ...
... no UTF-8 mapping file for font encoding PU
)
Package hyperref Info: Hyper figures OFF on input line 4157.
Package hyperref Info: Link nesting OFF on input line 4162.
Package hyperref Info: Hyper index ON on input line 4165.
Package hyperref Info: Plain pages OFF on input line 4172.
Package hyperref Info: Backreferencing OFF on input line 4177.
Package hyperref Info: Implicit mode ON; LaTeX internals redefined.
Package hyperref Info: Bookmarks ON on input line 4424.
\c@Hy@tempcnt=\count291

(/usr/local/texlive/2024/texmf-dist/tex/latex/url/url.sty
\Urlmuskip=\muskip18
Package: url 2013/09/16  ver 3.4  Verb mode for urls, etc.
)
LaTeX Info: Redefining \url on input line 4763.
\XeTeXLinkMargin=\dimen167

(/usr/local/texlive/2024/texmf-dist/tex/generic/bitset/bitset.sty
Package: bitset 2019/12/09 v1.3 Handle bit-vector datatype (HO)

(/usr/local/texlive/2024/texmf-dist/tex/generic/bigintcalc/bigintcalc.sty
Package: bigintcalc 2019/12/15 v1.5 Expandable calculations on big integers (HO
)
))
\Fld@menulength=\count292
\Field@Width=\dimen168
\Fld@charsize=\dimen169
Package hyperref Info: Hyper figures OFF on input line 6042.
Package hyperref Info: Link nesting OFF on input line 6047.
Package hyperref Info: Hyper index ON on input line 6050.
Package hyperref Info: backreferencing OFF on input line 6057.
Package hyperref Info: Link coloring OFF on input line 6062.
Package hyperref Info: Link coloring with OCG OFF on input line 6067.
Package hyperref Info: PDF/A mode OFF on input line 6072.

(/usr/local/texlive/2024/texmf-dist/tex/latex/base/atbegshi-ltx.sty
Package: atbegshi-ltx 2021/01/10 v1.0c Emulation of the original atbegshi
package with kernel methods
)
\Hy@abspage=\count293
\c@Item=\count294
\c@Hfootnote=\count295
)
Package hyperref Info: Driver (autodetected): hpdftex.

(/usr/local/texlive/2024/texmf-dist/tex/latex/hyperref/hpdftex.def
File: hpdftex.def 2024-11-05 v7.01l Hyperref driver for pdfTeX

(/usr/local/texlive/2024/texmf-dist/tex/latex/base/atveryend-ltx.sty
Package: atveryend-ltx 2020/08/19 v1.0a Emulation of the original atveryend pac
kage
with kernel methods
)
\Fld@listcount=\count296
\c@bookmark@seq@number=\count297

(/usr/local/texlive/2024/texmf-dist/tex/latex/rerunfilecheck/rerunfilecheck.sty
Package: rerunfilecheck 2022-07-10 v1.10 Rerun checks for auxiliary files (HO)

(/usr/local/texlive/2024/texmf-dist/tex/generic/uniquecounter/uniquecounter.sty
Package: uniquecounter 2019/12/15 v1.4 Provide unlimited unique counter (HO)
)
Package uniquecounter Info: New unique counter `rerunfilecheck' on input line 2
85.
)
\Hy@SectionHShift=\skip57
) (/usr/local/texlive/2024/texmf-dist/tex/latex/geometry/geometry.sty
Package: geometry 2020/01/02 v5.9 Page Geometry

(/usr/local/texlive/2024/texmf-dist/tex/generic/iftex/ifvtex.sty
Package: ifvtex 2019/10/25 v1.7 ifvtex legacy package. Use iftex instead.
)
\Gm@cnth=\count298
\Gm@cntv=\count299
\c@Gm@tempcnt=\count300
\Gm@bindingoffset=\dimen170
\Gm@wd@mp=\dimen171
\Gm@odd@mp=\dimen172
\Gm@even@mp=\dimen173
\Gm@layoutwidth=\dimen174
\Gm@layoutheight=\dimen175
\Gm@layouthoffset=\dimen176
\Gm@layoutvoffset=\dimen177
\Gm@dimlist=\toks31
)
(/usr/local/texlive/2024/texmf-dist/tex/latex/natbib/natbib.sty
Package: natbib 2010/09/13 8.31b (PWD, AO)
\bibhang=\skip58
\bibsep=\skip59
LaTeX Info: Redefining \cite on input line 694.
\c@NAT@ctr=\count301
)
(/usr/local/texlive/2024/texmf-dist/tex/latex/tools/xspace.sty
Package: xspace 2014/10/28 v1.13 Space after command names (DPC,MH)
)
(/usr/local/texlive/2024/texmf-dist/tex/latex/algorithms/algorithm.sty
Package: algorithm 2009/08/24 v0.1 Document Style `algorithm' - floating enviro
nment

(/usr/local/texlive/2024/texmf-dist/tex/latex/float/float.sty
Package: float 2001/11/08 v1.3d Float enhancements (AL)
\c@float@type=\count302
\float@exts=\toks32
\float@box=\box54
\@float@everytoks=\toks33
\@floatcapt=\box55
)
(/usr/local/texlive/2024/texmf-dist/tex/latex/base/ifthen.sty
Package: ifthen 2024/03/16 v1.1e Standard LaTeX ifthen package (DPC)
)
\@float@every@algorithm=\toks34
\c@algorithm=\count303
)
(/usr/local/texlive/2024/texmf-dist/tex/latex/algorithmicx/algpseudocode.sty
Package: algpseudocode 

(/usr/local/texlive/2024/texmf-dist/tex/latex/algorithmicx/algorithmicx.sty
Package: algorithmicx 2005/04/27 v1.2 Algorithmicx

Document Style algorithmicx 1.2 - a greatly improved `algorithmic' style
\c@ALG@line=\count304
\c@ALG@rem=\count305
\c@ALG@nested=\count306
\ALG@tlm=\skip60
\ALG@thistlm=\skip61
\c@ALG@Lnr=\count307
\c@ALG@blocknr=\count308
\c@ALG@storecount=\count309
\c@ALG@tmpcounter=\count310
\ALG@tmplength=\skip62
)
Document Style - pseudocode environments for use with the `algorithmicx' style
)
Package hyperref Info: Option `colorlinks' set `true' on input line 26.
 (/usr/local/texlive/2024/texmf-dist/tex/latex/l3backend/l3backend-pdftex.def
File: l3backend-pdftex.def 2024-05-08 L3 backend support: PDF output (pdfTeX)
\l__color_backend_stack_int=\count311
\l__pdf_internal_box=\box56
) (./main.aux)
\openout1 = `main.aux'.

LaTeX Font Info:    Checking defaults for OML/cmm/m/it on input line 33.
LaTeX Font Info:    ... okay on input line 33.
LaTeX Font Info:    Checking defaults for OMS/cmsy/m/n on input line 33.
LaTeX Font Info:    ... okay on input line 33.
LaTeX Font Info:    Checking defaults for OT1/cmr/m/n on input line 33.
LaTeX Font Info:    ... okay on input line 33.
LaTeX Font Info:    Checking defaults for T1/cmr/m/n on input line 33.
LaTeX Font Info:    ... okay on input line 33.
LaTeX Font Info:    Checking defaults for TS1/cmr/m/n on input line 33.
LaTeX Font Info:    ... okay on input line 33.
LaTeX Font Info:    Checking defaults for OMX/cmex/m/n on input line 33.
LaTeX Font Info:    ... okay on input line 33.
LaTeX Font Info:    Checking defaults for U/cmr/m/n on input line 33.
LaTeX Font Info:    ... okay on input line 33.
LaTeX Font Info:    Checking defaults for PD1/pdf/m/n on input line 33.
LaTeX Font Info:    ... okay on input line 33.
LaTeX Font Info:    Checking defaults for PU/pdf/m/n on input line 33.
LaTeX Font Info:    ... okay on input line 33.

(/usr/local/texlive/2024/texmf-dist/tex/context/base/mkii/supp-pdf.mkii
[Loading MPS to PDF converter (version 2006.09.02).]
\scratchcounter=\count312
\scratchdimen=\dimen178
\scratchbox=\box57
\nofMPsegments=\count313
\nofMParguments=\count314
\everyMPshowfont=\toks35
\MPscratchCnt=\count315
\MPscratchDim=\dimen179
\MPnumerator=\count316
\makeMPintoPDFobject=\count317
\everyMPtoPDFconversion=\toks36
) (/usr/local/texlive/2024/texmf-dist/tex/latex/epstopdf-pkg/epstopdf-base.sty
Package: epstopdf-base 2020-01-24 v2.11 Base part for package epstopdf
Package epstopdf-base Info: Redefining graphics rule for `.eps' on input line 4
85.

(/usr/local/texlive/2024/texmf-dist/tex/latex/latexconfig/epstopdf-sys.cfg
File: epstopdf-sys.cfg 2010/07/13 v1.3 Configuration of (r)epstopdf for TeX Liv
e
))
(/usr/local/texlive/2024/texmf-dist/tex/latex/graphics/color.sty
Package: color 2024/06/23 v1.3e Standard LaTeX Color (DPC)

(/usr/local/texlive/2024/texmf-dist/tex/latex/graphics-cfg/color.cfg
File: color.cfg 2016/01/02 v1.6 sample color configuration
)
Package color Info: Driver file: pdftex.def on input line 149.

(/usr/local/texlive/2024/texmf-dist/tex/latex/graphics/mathcolor.ltx))
Package hyperref Info: Link coloring ON on input line 33.

(./main.out) (./main.out)
\@outlinefile=\write3
\openout3 = `main.out'.


*geometry* driver: auto-detecting
*geometry* detected driver: pdftex
*geometry* verbose mode - [ preamble ] result:
* driver: pdftex
* paper: <default>
* layout: <same size as paper>
* layoutoffset:(h,v)=(0.0pt,0.0pt)
* modes: 
* h-part:(L,W,R)=(72.26999pt, 469.75502pt, 72.26999pt)
* v-part:(T,H,B)=(72.26999pt, 650.43001pt, 72.26999pt)
* \paperwidth=614.295pt
* \paperheight=794.96999pt
* \textwidth=469.75502pt
* \textheight=650.43001pt
* \oddsidemargin=0.0pt
* \evensidemargin=0.0pt
* \topmargin=-37.0pt
* \headheight=12.0pt
* \headsep=25.0pt
* \topskip=11.0pt
* \footskip=30.0pt
* \marginparwidth=59.0pt
* \marginparsep=10.0pt
* \columnsep=10.0pt
* \skip\footins=10.0pt plus 4.0pt minus 2.0pt
* \hoffset=0.0pt
* \voffset=0.0pt
* \mag=1000
* \@twocolumnfalse
* \@twosidefalse
* \@mparswitchfalse
* \@reversemarginfalse
* (1in=72.27pt=25.4mm, 1cm=28.453pt)

LaTeX Font Info:    Trying to load font information for U+msa on input line 36.

(/usr/local/texlive/2024/texmf-dist/tex/latex/amsfonts/umsa.fd
File: umsa.fd 2013/01/14 v3.01 AMS symbols A
)
LaTeX Font Info:    Trying to load font information for U+msb on input line 36.


(/usr/local/texlive/2024/texmf-dist/tex/latex/amsfonts/umsb.fd
File: umsb.fd 2013/01/14 v3.01 AMS symbols B
)

Package natbib Warning: Citation `liao2023supervised' on page 1 undefined on in
put line 44.


Overfull \hbox (138.28552pt too wide) detected at line 56
[][][][] \OMS/cmsy/m/n/10.95 ! [] ! [] ! [] ! []\OML/cmm/m/it/10.95 :
 []


Package natbib Warning: Citation `liao2023supervised' on page 1 undefined on in
put line 62.



[1

{/usr/local/texlive/2024/texmf-var/fonts/map/pdftex/updmap/pdftex.map}{/usr/loc
al/texlive/2024/texmf-dist/fonts/enc/dvips/cm-super/cm-super-t1.enc}]
! Extra alignment tab has been changed to \cr.
<template> \@endpbox \endtemplate 
                                  
l.101 Category & Key Papers / Systems &
                                        Relevance to Project \\
? 

Underfull \hbox (badness 10000) in paragraph at lines 101--102
[]\T1/cmr/m/n/10.95 Relevance to
 []

! Extra alignment tab has been changed to \cr.
<template> \@endpbox \endtemplate 
                                  
l.103 ...sgrave et al. (PyTorch Metric Learning) &
                                                   Establish baselines and c...

? 

Underfull \hbox (badness 10000) in paragraph at lines 103--104
[]\T1/cmr/m/n/10.95 Establish base-
 []


Underfull \hbox (badness 2042) in paragraph at lines 103--104
\T1/cmr/m/n/10.95 lines and cau-tion
 []


Underfull \hbox (badness 10000) in paragraph at lines 103--104
\T1/cmr/m/n/10.95 against over-
 []


Underfull \hbox (badness 10000) in paragraph at lines 103--104
\T1/cmr/m/n/10.95 claim-ing novel
 []


Underfull \hbox (badness 10000) in paragraph at lines 103--104
\T1/cmr/m/n/10.95 metric-learning
 []

! Extra alignment tab has been changed to \cr.
<template> \@endpbox \endtemplate 
                                  
l.104 ...n et al. (PoseC3D); Ren et al. (survey) &
                                                   Provide sequence encoders...

? 

Underfull \hbox (badness 10000) in paragraph at lines 104--105
[]\T1/cmr/m/n/10.95 Provide se-quence
 []


Underfull \hbox (badness 2401) in paragraph at lines 104--105
\T1/cmr/m/n/10.95 be re-pur-posed as
 []


Underfull \hbox (badness 10000) in paragraph at lines 104--105
\T1/cmr/m/n/10.95 em-bed-ding ex-
 []


Underfull \hbox (badness 6842) in paragraph at lines 104--105
\T1/cmr/m/n/10.95 trac-tors. Most
 []


Underfull \hbox (badness 10000) in paragraph at lines 105--105
[]\T1/cmr/m/n/10.95 Robust skele-ton
 []

! Extra alignment tab has been changed to \cr.
<template> \@endpbox \endtemplate 
                                  
l.105 ...i et al. (PR-GCN); Song et al. (RA-GCN) &
                                                   Define noise types (occlu...

? 

Underfull \hbox (badness 5667) in paragraph at lines 105--106
\T1/cmr/m/n/10.95 (oc-clu-sion, jit-ter)
 []


Underfull \hbox (badness 10000) in paragraph at lines 105--106
\T1/cmr/m/n/10.95 for ro-bust-ness
 []

! Extra alignment tab has been changed to \cr.
<template> \@endpbox \endtemplate 
                                  
l.106 ...t al. (BABEL); Duan et al. (MotionBERT) &
                                                   Offer clean motion data a...

? 

Underfull \hbox (badness 10000) in paragraph at lines 106--107
[]\T1/cmr/m/n/10.95 Offer clean mo-
 []


Underfull \hbox (badness 10000) in paragraph at lines 106--107
\T1/cmr/m/n/10.95 tion data and
 []


Underfull \hbox (badness 10000) in paragraph at lines 106--107
\T1/cmr/m/n/10.95 strong pre-
 []


Underfull \hbox (badness 10000) in paragraph at lines 106--107
\T1/cmr/m/n/10.95 trained en-coders.
 []


Underfull \hbox (badness 10000) in paragraph at lines 106--107
\T1/cmr/m/n/10.95 AMASS+BABEL
 []


Underfull \hbox (badness 10000) in paragraph at lines 106--107
\T1/cmr/m/n/10.95 en-ables se-man-tic
 []


Underfull \hbox (badness 4036) in paragraph at lines 106--107
\T1/cmr/m/n/10.95 re-trieval pos-si-bil-i-
 []


Underfull \hbox (badness 10000) in paragraph at lines 107--107
[]\T1/cmr/m/n/10.95 Skeleton met-ric
 []

! Extra alignment tab has been changed to \cr.
<template> \@endpbox \endtemplate 
                                  
l.107 ...mesheimer et al. (SL-DML, Skeleton-DML) &
                                                   Explicitly frame action r...

? 

Underfull \hbox (badness 10000) in paragraph at lines 107--108
[]\T1/cmr/m/n/10.95 Explicitly frame
 []


Underfull \hbox (badness 3189) in paragraph at lines 107--108
\T1/cmr/m/n/10.95 ac-tion recog-ni-tion
 []


Underfull \hbox (badness 10000) in paragraph at lines 107--108
\T1/cmr/m/n/10.95 rectly re-lated
 []

! Extra alignment tab has been changed to \cr.
<template> \@endpbox \endtemplate 
                                  
l.108 ...t al. (FineGym); Soomro et al. (UCF101) &
                                                   Provide labeled skeleton/...

? 

Underfull \hbox (badness 10000) in paragraph at lines 108--109
[]\T1/cmr/m/n/10.95 Provide la-beled
 []


Underfull \hbox (badness 10000) in paragraph at lines 108--109
\T1/cmr/m/n/10.95 skele-ton/motion
 []


Underfull \hbox (badness 2486) in paragraph at lines 108--109
\T1/cmr/m/n/10.95 data for re-trieval
 []


LaTeX Warning: Float too large for page by 116.82475pt on input line 111.


Package natbib Warning: Citation `musgrave2020metric' on page 2 undefined on in
put line 115.


Package natbib Warning: Citation `khosla2020supcon' on page 2 undefined on inpu
t line 115.


Package natbib Warning: Citation `zhai2019classification' on page 2 undefined o
n input line 115.


Package natbib Warning: Citation `musgrave2020pytorch' on page 2 undefined on i
nput line 115.


Package natbib Warning: Citation `yan2018stgcn' on page 2 undefined on input li
ne 121.


Package natbib Warning: Citation `lee2022mstgcn' on page 2 undefined on input l
ine 121.


Package natbib Warning: Citation `cheng2020sttr' on page 2 undefined on input l
ine 121.


Package natbib Warning: Citation `chen2021posec3d' on page 2 undefined on input
 line 121.



[2{/usr/local/texlive/2024/texmf-dist/fonts/enc/dvips/cm-super/cm-super-ts1.enc
}]

[3
pdfTeX warning (ext4): destination with the same identifier (name{table.1}) has
 been already used, duplicate ignored
<argument> ...shipout:D \box_use:N \l_shipout_box 
                                                  \__shipout_drop_firstpage_...
l.122 
      ]

Package natbib Warning: Citation `ren2024skeletonsurvey' on page 4 undefined on
 input line 123.


Package natbib Warning: Citation `shi2020prgcn' on page 4 undefined on input li
ne 127.


Package natbib Warning: Citation `song2020ragcn' on page 4 undefined on input l
ine 127.


Package natbib Warning: Citation `mahmood2019amass' on page 4 undefined on inpu
t line 131.


Package natbib Warning: Citation `punnakkal2021babel' on page 4 undefined on in
put line 131.


Package natbib Warning: Citation `duan2022motionbert' on page 4 undefined on in
put line 131.


Package natbib Warning: Citation `memmesheimer2020sldml' on page 4 undefined on
 input line 135.


Package natbib Warning: Citation `memmesheimer2021skeletondml' on page 4 undefi
ned on input line 135.


Package natbib Warning: Citation `petrovich2022textmotion' on page 4 undefined 
on input line 139.



[4]
! Extra alignment tab has been changed to \cr.
<template> \@endpbox \endtemplate 
                                  
l.153 ...& Modality & Scale & Labels & Strengths &
                                                   Weaknesses \\
? 

Underfull \hbox (badness 10000) in paragraph at lines 155--155
[]\T1/cmr/m/n/10.95 NTU
 []


Underfull \hbox (badness 10000) in paragraph at lines 155--155
\T1/cmr/m/n/10.95 RGB+D
 []


Overfull \hbox (46.45107pt too wide) in paragraph at lines 155--155
[]\T1/cmr/m/n/10.95 RGB+D+Skeleton| 
 []


Underfull \hbox (badness 10000) in paragraph at lines 155--155
[]\T1/cmr/m/n/10.95 114K videos,
 []


Underfull \hbox (badness 10000) in paragraph at lines 155--155
[]\T1/cmr/m/n/10.95 Action la-
 []


Underfull \hbox (badness 10000) in paragraph at lines 155--155
\T1/cmr/m/n/10.95 bels, cross-
 []


Underfull \hbox (badness 10000) in paragraph at lines 155--155
\T1/cmr/m/n/10.95 subject/setup
 []


Underfull \hbox (badness 10000) in paragraph at lines 155--155
\T1/cmr/m/n/10.95 multi-view; many classes
 []

! Extra alignment tab has been changed to \cr.
<template> \@endpbox \endtemplate 
                                  
l.155 ...ny classes make retrieval well-defined. &
                                                   Actions are broad daily m...

? 

Underfull \hbox (badness 10000) in paragraph at lines 155--156
[]\T1/cmr/m/n/10.95 Actions are
 []


Underfull \hbox (badness 10000) in paragraph at lines 155--156
\T1/cmr/m/n/10.95 broad daily
 []


Underfull \hbox (badness 10000) in paragraph at lines 155--156
\T1/cmr/m/n/10.95 fine-grained
 []


Overfull \hbox (27.76953pt too wide) in paragraph at lines 156--156
[]\T1/cmr/m/n/10.95 MoCap/SMPL| 
 []


Underfull \hbox (badness 10000) in paragraph at lines 156--156
[]\T1/cmr/m/n/10.95 Via BA-BEL:
 []


Underfull \hbox (badness 10000) in paragraph at lines 156--156
\T1/cmr/m/n/10.95 >28K se-quence
 []


Underfull \hbox (badness 6032) in paragraph at lines 156--156
[]\T1/cmr/m/n/10.95 Clean, phys-i-cally plau-si-ble
 []

! Extra alignment tab has been changed to \cr.
<template> \@endpbox \endtemplate 
                                  
l.156 ...plausible motion; rich semantic labels. &
                                                   Labels require AMASS+BABE...

? 

Underfull \hbox (badness 10000) in paragraph at lines 156--157
[]\T1/cmr/m/n/10.95 Labels
 []


Underfull \hbox (badness 10000) in paragraph at lines 156--157
\T1/cmr/m/n/10.95 re-quire
 []


Overfull \hbox (22.05235pt too wide) in paragraph at lines 156--157
\T1/cmr/m/n/10.95 AMASS+BABEL
 []


Underfull \hbox (badness 5359) in paragraph at lines 156--157
\T1/cmr/m/n/10.95 link-age; re-
 []


Underfull \hbox (badness 10000) in paragraph at lines 156--157
\T1/cmr/m/n/10.95 trieval task
 []


Underfull \hbox (badness 10000) in paragraph at lines 157--157
[]\T1/cmr/m/n/10.95 3D
 []


Underfull \hbox (badness 10000) in paragraph at lines 157--157
\T1/cmr/m/n/10.95 sports
 []


Underfull \hbox (badness 3601) in paragraph at lines 157--157
[]\T1/cmr/m/n/10.95 >176K poses,
 []

! Extra alignment tab has been changed to \cr.
<template> \@endpbox \endtemplate 
                                  
l.157 ... sports movements; strong joint motion. &
                                                   Smaller activity count; l...

? 

Underfull \hbox (badness 10000) in paragraph at lines 157--158
[]\T1/cmr/m/n/10.95 Smaller ac-
 []


Underfull \hbox (badness 1005) in paragraph at lines 157--158
\T1/cmr/m/n/10.95 tiv-ity count;
 []


Underfull \hbox (badness 4621) in paragraph at lines 157--158
\T1/cmr/m/n/10.95 less di-rectly
 []


Underfull \hbox (badness 10000) in paragraph at lines 157--158
\T1/cmr/m/n/10.95 suited to
 []


Underfull \hbox (badness 10000) in paragraph at lines 157--158
\T1/cmr/m/n/10.95 broad class
 []


Underfull \hbox (badness 10000) in paragraph at lines 158--158
[]\T1/cmr/m/n/10.95 Whole-
 []


Underfull \hbox (badness 10000) in paragraph at lines 158--158
[]\T1/cmr/m/n/10.95 133 keypts,
 []


Underfull \hbox (badness 10000) in paragraph at lines 158--158
[]\T1/cmr/m/n/10.95 Pose-estimation
 []


Underfull \hbox (badness 10000) in paragraph at lines 158--158
[]\T1/cmr/m/n/10.95 Useful for whole-
 []


Underfull \hbox (badness 10000) in paragraph at lines 158--158
\T1/cmr/m/n/10.95 body/incomplete-keypoint
 []

! Extra alignment tab has been changed to \cr.
<template> \@endpbox \endtemplate 
                                  
l.158 ...le-body/incomplete-keypoint robustness. &
                                                   Not a motion-retrieval be...

? 

Underfull \hbox (badness 10000) in paragraph at lines 158--159
[]\T1/cmr/m/n/10.95 Not a
 []


Underfull \hbox (badness 10000) in paragraph at lines 158--159
\T1/cmr/m/n/10.95 motion-
 []


Underfull \hbox (badness 10000) in paragraph at lines 158--159
\T1/cmr/m/n/10.95 retrieval
 []


Overfull \hbox (49.01855pt too wide) in paragraph at lines 159--159
[]\T1/cmr/m/n/10.95 Video+annotations| 
 []


Underfull \hbox (badness 10000) in paragraph at lines 159--159
[]\T1/cmr/m/n/10.95 Fine-grained
 []

! Extra alignment tab has been changed to \cr.
<template> \@endpbox \endtemplate 
                                  
l.159 ...od for fine-grained temporal retrieval. &
                                                   Video-first; requires pos...

? 

Underfull \hbox (badness 10000) in paragraph at lines 159--160
[]\T1/cmr/m/n/10.95 Video-first;
 []


Underfull \hbox (badness 10000) in paragraph at lines 160--160
[]\T1/cmr/m/n/10.95 101 classes,
 []


Underfull \hbox (badness 10000) in paragraph at lines 160--160
[]\T1/cmr/m/n/10.95 Standard action-recognition
 []

! Extra alignment tab has been changed to \cr.
<template> \@endpbox \endtemplate 
                                  
l.160 ... Standard action-recognition benchmark. &
                                                   Not a skeleton/motion dat...

? 

Underfull \hbox (badness 10000) in paragraph at lines 160--161
\T1/cmr/m/n/10.95 ton/motion
 []


Underfull \hbox (badness 10000) in paragraph at lines 160--161
\T1/cmr/m/n/10.95 dataset na-
 []


LaTeX Warning: Float too large for page by 48.82472pt on input line 163.


Underfull \hbox (badness 10000) in paragraph at lines 179--179
[]\T1/cmr/m/n/10.95 Original
 []


Underfull \hbox (badness 10000) in paragraph at lines 179--179
[]\T1/cmr/m/n/10.95 Embedding Ac-
 []


Underfull \hbox (badness 4454) in paragraph at lines 179--180
[]\T1/cmr/m/n/10.95 Ease of Adding
 []


Underfull \hbox (badness 10000) in paragraph at lines 181--181
[]\T1/cmr/m/n/10.95 Simple
 []


Overfull \hbox (10.203pt too wide) in paragraph at lines 181--181
\T1/cmr/m/n/10.95 TCN/GRU/LSTM| 
 []


Underfull \hbox (badness 10000) in paragraph at lines 181--181
[]\T1/cmr/m/n/10.95 Skeleton
 []


Underfull \hbox (badness 2573) in paragraph at lines 181--181
[]\T1/cmr/m/n/10.95 Penultimate hid-
 []


Underfull \hbox (badness 1297) in paragraph at lines 181--182
\T1/cmr/m/n/10.95 po-ral model can
 []


Underfull \hbox (badness 10000) in paragraph at lines 182--182
[]\T1/cmr/m/n/10.95 Skeleton
 []


Underfull \hbox (badness 1348) in paragraph at lines 182--182
[]\T1/cmr/m/n/10.95 Pre-classifier fea-
 []


Underfull \hbox (badness 10000) in paragraph at lines 182--183
[]\T1/cmr/m/n/10.95 Straightforward;
 []


Underfull \hbox (badness 10000) in paragraph at lines 183--183
[]\T1/cmr/m/n/10.95 Skeleton
 []


Underfull \hbox (badness 1348) in paragraph at lines 183--183
[]\T1/cmr/m/n/10.95 Pre-classifier fea-
 []


Underfull \hbox (badness 10000) in paragraph at lines 183--184
[]\T1/cmr/m/n/10.95 Similar to ST-
 []


Underfull \hbox (badness 10000) in paragraph at lines 183--184
\T1/cmr/m/n/10.95 GCN; larger
 []


Underfull \hbox (badness 10000) in paragraph at lines 184--184
[]\T1/cmr/m/n/10.95 Skeleton
 []


Underfull \hbox (badness 10000) in paragraph at lines 184--185
[]\T1/cmr/m/n/10.95 Very di-rect;
 []


Underfull \hbox (badness 10000) in paragraph at lines 184--185
\T1/cmr/m/n/10.95 al-ready metric-
 []


Underfull \hbox (badness 10000) in paragraph at lines 185--185
[]\T1/cmr/m/n/10.95 2D/3D
 []


Underfull \hbox (badness 3690) in paragraph at lines 185--185
[]\T1/cmr/m/n/10.95 Motion rep-
 []


Underfull \hbox (badness 10000) in paragraph at lines 185--186
\T1/cmr/m/n/10.95 back-bone avail-
 []


Underfull \hbox (badness 10000) in paragraph at lines 186--186
[]\T1/cmr/m/n/10.95 PoseC3D
 []


Underfull \hbox (badness 10000) in paragraph at lines 186--186
[]\T1/cmr/m/n/10.95 Pose
 []


Underfull \hbox (badness 10000) in paragraph at lines 186--187
[]\T1/cmr/m/n/10.95 Robustness
 []


Underfull \hbox (badness 8019) in paragraph at lines 186--187
\T1/cmr/m/n/10.95 claims; re-quires
 []


Underfull \hbox (badness 4429) in paragraph at lines 186--187
\T1/cmr/m/n/10.95 heatmap con-ver-
 []


Underfull \hbox (badness 1540) in paragraph at lines 187--187
[]\T1/cmr/m/n/10.95 PyTorch Met-ric
 []


Overfull \hbox (1.37067pt too wide) in paragraph at lines 187--187
[]\T1/cmr/m/n/10.95 Embeddings| 
 []


Underfull \hbox (badness 10000) in paragraph at lines 187--188
[]\T1/cmr/m/n/10.95 Loss func-tions
 []


Underfull \hbox (badness 10000) in paragraph at lines 187--188
\T1/cmr/m/n/10.95 al-ready im-ple-
 []


Underfull \hbox (badness 10000) in paragraph at lines 188--188
[]\T1/cmr/m/n/10.95 Kulis
 []


Underfull \hbox (badness 10000) in paragraph at lines 188--188
\T1/cmr/m/n/10.95 contextual-
 []


Overfull \hbox (1.37067pt too wide) in paragraph at lines 188--188
[]\T1/cmr/m/n/10.95 Embeddings| 
 []


Underfull \hbox (badness 10000) in paragraph at lines 188--188
[]\T1/cmr/m/n/10.95 Image re-
 []


Underfull \hbox (badness 8056) in paragraph at lines 188--189
[]\T1/cmr/m/n/10.95 Must swap en-
 []



[5]

[6
pdfTeX warning (ext4): destination with the same identifier (name{table.2}) has
 been already used, duplicate ignored
<argument> ...shipout:D \box_use:N \l_shipout_box 
                                                  \__shipout_drop_firstpage_...
l.243 \end{table}
                 ]

[7
pdfTeX warning (ext4): destination with the same identifier (name{table.3}) has
 been already used, duplicate ignored
<argument> ...shipout:D \box_use:N \l_shipout_box 
                                                  \__shipout_drop_firstpage_...
l.243 \end{table}
                 ]

Package natbib Warning: Citation `douze2025faiss' on page 8 undefined on input 
line 259.



[8
pdfTeX warning (ext4): destination with the same identifier (name{table.4}) has
 been already used, duplicate ignored
<argument> ...shipout:D \box_use:N \l_shipout_box 
                                                  \__shipout_drop_firstpage_...
l.275 \section
              {Feasibility and Risk Assessment}]
Overfull \hbox (193.16281pt too wide) in paragraph at lines 284--294
 [][] 
 []



[9
pdfTeX warning (ext4): destination with the same identifier (name{table.5}) has
 been already used, duplicate ignored
<argument> ...shipout:D \box_use:N \l_shipout_box 
                                                  \__shipout_drop_firstpage_...
l.332     \item S
                 tart with NTU RGB+D 120, using cross-subject/cross-setup sp...
]
No file main.bbl.

Package natbib Warning: There were undefined citations.



[10] (./main.aux)
 ***********
LaTeX2e <2024-11-01>
L3 programming layer <2024-11-02>
 ***********
Package rerunfilecheck Info: File `main.out' has not changed.
(rerunfilecheck)             Checksum: D3AF7A38CC75B1FE678529544E7DFBFA;4359.
 ) 
Here is how much of TeX's memory you used:
 11758 strings out of 473362
 177123 string characters out of 11470983
 12568714 words of memory out of 22000000
 34637 multiletter control sequences out of 15000+600000
 574078 words of font info for 74 fonts, out of 12000000 for 9000
 1141 hyphenation exceptions out of 8191
 75i,10n,79p,770b,502s stack positions out of 10000i,1000n,20000p,12000000b,200000s
</usr/local/texlive/2024/texmf-dist/fonts/type1/public/amsfonts/cm/cmmi10.pfb
></usr/local/texlive/2024/texmf-dist/fonts/type1/public/amsfonts/cm/cmr10.pfb><
/usr/local/texlive/2024/texmf-dist/fonts/type1/public/amsfonts/cm/cmr8.pfb></us
r/local/texlive/2024/texmf-dist/fonts/type1/public/amsfonts/cm/cmsy10.pfb></usr
/local/texlive/2024/texmf-dist/fonts/type1/public/cm-super/sfbx1000.pfb></usr/l
ocal/texlive/2024/texmf-dist/fonts/type1/public/cm-super/sfbx1095.pfb></usr/loc
al/texlive/2024/texmf-dist/fonts/type1/public/cm-super/sfbx1200.pfb></usr/local
/texlive/2024/texmf-dist/fonts/type1/public/cm-super/sfbx1440.pfb></usr/local/t
exlive/2024/texmf-dist/fonts/type1/public/cm-super/sfrm1000.pfb></usr/local/tex
live/2024/texmf-dist/fonts/type1/public/cm-super/sfrm1095.pfb></usr/local/texli
ve/2024/texmf-dist/fonts/type1/public/cm-super/sfrm1200.pfb></usr/local/texlive
/2024/texmf-dist/fonts/type1/public/cm-super/sfrm1728.pfb></usr/local/texlive/2
024/texmf-dist/fonts/type1/public/cm-super/sfti1095.pfb></usr/local/texlive/202
4/texmf-dist/fonts/type1/public/cm-super/sftt1095.pfb>
Output written on main.pdf (10 pages, 275564 bytes).
PDF statistics:
 256 PDF objects out of 1000 (max. 8388607)
 212 compressed objects within 3 object streams
 63 named destinations out of 1000 (max. 500000)
 153 words of extra memory for PDF output out of 10000 (max. 10000000)

